
> backend@1.0.0 build
> tsc

src/controllers/webhookController.ts(49,33): error TS2769: No overload matches this call.
  The last overload gave the following error.
    Object literal may only specify known properties, and 'branch' does not exist in type '{ commitHash?: string | undefined; repositoryName?: string | undefined; branchName?: string | undefined; filesChanged?: number | undefined; eventId?: string | undefined; eventDuration?: number | undefined; checkInId?: ObjectId | undefined; } | { ...; }'.
src/controllers/webhookController.ts(49,41): error TS2304: Cannot find name 'ref'.
src/jobs/reportJob.ts(51,24): error TS2339: Property 'denormalizedUser' does not exist on type 'Document<unknown, {}, IActivity, {}, DefaultSchemaOptions> & IActivity & Required<{ _id: ObjectId; }> & { ...; } & { ...; }'.
src/jobs/reportJob.ts(51,48): error TS2339: Property 'denormalizedUser' does not exist on type 'Document<unknown, {}, IActivity, {}, DefaultSchemaOptions> & IActivity & Required<{ _id: ObjectId; }> & { ...; } & { ...; }'.
src/jobs/reportJob.ts(51,77): error TS2339: Property 'denormalizedUser' does not exist on type 'Document<unknown, {}, IActivity, {}, DefaultSchemaOptions> & IActivity & Required<{ _id: ObjectId; }> & { ...; } & { ...; }'.
src/jobs/reportJob.ts(61,76): error TS2339: Property 'hours' does not exist on type '{ commitHash?: string | undefined; repositoryName?: string | undefined; branchName?: string | undefined; filesChanged?: number | undefined; eventId?: string | undefined; eventDuration?: number | undefined; checkInId?: ObjectId | undefined; }'.
src/routes/checkIns.ts(96,17): error TS2769: No overload matches this call.
  The last overload gave the following error.
    Object literal may only specify known properties, and 'hours' does not exist in type '{ commitHash?: string | undefined; repositoryName?: string | undefined; branchName?: string | undefined; filesChanged?: number | undefined; eventId?: string | undefined; eventDuration?: number | undefined; checkInId?: ObjectId | undefined; } | { ...; }'.
src/routes/reports.ts(5,8): error TS2300: Duplicate identifier 'Project'.
src/routes/reports.ts(6,8): error TS2300: Duplicate identifier 'Project'.
src/routes/reports.ts(25,29): error TS18048: 'req.user' is possibly 'undefined'.
src/routes/reports.ts(61,46): error TS18048: 'req.user' is possibly 'undefined'.
src/utils/jwt.ts(19,16): error TS2769: No overload matches this call.
  Overload 1 of 5, '(payload: string | object | Buffer<ArrayBufferLike>, secretOrPrivateKey: null, options?: (SignOptions & { algorithm: "none"; }) | undefined): string', gave the following error.
    Argument of type 'string' is not assignable to parameter of type 'null'.
  Overload 2 of 5, '(payload: string | object | Buffer<ArrayBufferLike>, secretOrPrivateKey: Buffer<ArrayBufferLike> | Secret | PrivateKeyInput | JsonWebKeyInput, options?: SignOptions | undefined): string', gave the following error.
    Type 'string' is not assignable to type 'number | StringValue | undefined'.
  Overload 3 of 5, '(payload: string | object | Buffer<ArrayBufferLike>, secretOrPrivateKey: Buffer<ArrayBufferLike> | Secret | PrivateKeyInput | JsonWebKeyInput, callback: SignCallback): void', gave the following error.
    Object literal may only specify known properties, and 'expiresIn' does not exist in type 'SignCallback'.
src/utils/jwt.ts(28,16): error TS2769: No overload matches this call.
  Overload 1 of 5, '(payload: string | object | Buffer<ArrayBufferLike>, secretOrPrivateKey: null, options?: (SignOptions & { algorithm: "none"; }) | undefined): string', gave the following error.
    Argument of type 'string' is not assignable to parameter of type 'null'.
  Overload 2 of 5, '(payload: string | object | Buffer<ArrayBufferLike>, secretOrPrivateKey: Buffer<ArrayBufferLike> | Secret | PrivateKeyInput | JsonWebKeyInput, options?: SignOptions | undefined): string', gave the following error.
    Type 'string' is not assignable to type 'number | StringValue | undefined'.
  Overload 3 of 5, '(payload: string | object | Buffer<ArrayBufferLike>, secretOrPrivateKey: Buffer<ArrayBufferLike> | Secret | PrivateKeyInput | JsonWebKeyInput, callback: SignCallback): void', gave the following error.
    Object literal may only specify known properties, and 'expiresIn' does not exist in type 'SignCallback'.
